// Vitest Snapshot v1, https://vitest.dev/guide/snapshot.html

exports[`Vinena/components/Box > should match snapshot 1`] = `
<div>
  Test
</div>
`;
