// Vitest Snapshot v1, https://vitest.dev/guide/snapshot.html

exports[`Vinena/components/Icon > should match snapshot 1`] = `
<div
  class="css-9s69v7-Icon"
  data-testid="icon-container"
>
  <svg
    fill="currentColor"
    height="1em"
    viewBox="0 0 32 32"
    width="1em"
    xmlns="http://www.w3.org/2000/svg"
  >
    <path
      clip-rule="evenodd"
      d="M5.78896 9.66323C6.34315 9.17832 7.1855 9.23448 7.67041 9.78866L16.0003 19.3085L24.3302 9.78866C24.8151 9.23448 25.6575 9.17832 26.2116 9.66323C26.7658 10.1481 26.822 10.9905 26.3371 11.5447L17.5055 21.6379C16.7086 22.5486 15.292 22.5486 14.4952 21.6379L5.66353 11.5447C5.17862 10.9905 5.23478 10.1481 5.78896 9.66323Z"
      fill-rule="evenodd"
    />
  </svg>
</div>
`;
